模板: interface.j2
目标: AR1
时间: 2026-05-07 10:41:08
============================================================

PLAY [批量或单独下发配置到华为设备] ********************************************

TASK [渲染并显示将要下发的配置（预览）] ****************************************
ok: [AR1] => {
    "msg": "将要下发的配置命令：\nsystem-view\ninterface g0/0/1\n ip address 192.145.56.36 255.255.255.0\n undo shutdown\nreturn\n"
}

TASK [逐行下发配置命令（保证幂等性）] ******************************************
ok: [AR1] => (item=system-view)
ok: [AR1] => (item=interface g0/0/1)
ok: [AR1] => (item= ip address 192.145.56.36 255.255.255.0)
ok: [AR1] => (item= undo shutdown)
ok: [AR1] => (item=return)

TASK [保存配置到设备] **********************************************************
fatal: [AR1]: FAILED! => {"changed": false, "msg": "command timeout triggered, timeout value is 30 secs.\nSee the timeout setting options in the Network Debug and Troubleshooting Guide."}

PLAY RECAP *********************************************************************
AR1                        : ok=2    changed=0    unreachable=0    failed=1    skipped=0    rescued=0    ignored=0   


📦 下发前备份 [AR1] 的当前运行配置...
✅ 下发前备份完成

🚀 开始下发配置到 [AR1]...

❌ 配置下发失败

[WARNING]: Using run_once with the free strategy is not currently supported.
This task will still be executed for every host in the inventory list.
